[backblue.gif]
[fade.gif]
[index.html]
[penedotem.com.br/wrb1/feed/index.html]
[penedotem.com.br/wrb1/site-data/plugins/pagelayer-pro/css/givecss2ebe.css]
[penedotem.com.br/wrb1/site-inc/js/jquery/jqueryb8ff.js]
[penedotem.com.br/wrb1/site-inc/js/jquery/jquery-migrate.min330a.js]
[penedotem.com.br/wrb1/site-data/plugins/pagelayer-pro/js/givejsc5d8.php]
[penedotem.com.br/wrb1/xmlrpc0db0.php]
[penedotem.com.br/wrb1/wp-json/oembed/1.0/embedc362.json]
[penedotem.com.br/wrb1/wp-json/oembed/1.0/embed0b10]
[penedotem.com.br/wrb1/sitepad-data/uploads/2022/10/home-header01.jpg]
[penedotem.com.br/wrb1/sitepad-data/uploads/2022/10/course01-1.jpg]
[penedotem.com.br/wrb1/about/index.html]
[penedotem.com.br/wrb1/contact/index.html]
[penedotem.com.br/wrb1/courses/index.html]
[penedotem.com.br/wrb1/sitepad-data/uploads/2022/10/about01.jpg]
[penedotem.com.br/wrb1/{{{button_url}}}]
[penedotem.com.br/wrb1/button_url]
[penedotem.com.br/wrb1/sitepad-data/uploads/2022/10/study01-2.jpg]
[penedotem.com.br/wrb1/sitepad-data/uploads/2022/10/study02-1.jpg]
[penedotem.com.br/wrb1/sitepad-data/uploads/2022/10/study03-2.jpg]
[penedotem.com.br/wrb1/sitepad-data/uploads/2022/10/home01-1.jpg]
[penedotem.com.br/wrb1/sitepad-data/uploads/2022/10/home01-1-922x1024.jpg]
[penedotem.com.br/wrb1/sitepad-data/uploads/2022/10/study01-1.jpg]
[penedotem.com.br/wrb1/sitepad-data/uploads/2022/10/study01-1-1024x1024.jpg]
[penedotem.com.br/wrb1/sitepad-data/uploads/2022/10/about01-1.jpg]
[penedotem.com.br/wrb1/sitepad-data/uploads/2022/10/about01-1-921x1024.jpg]
[penedotem.com.br/wrb1/sitepad-data/uploads/2022/10/course01-2.jpg]
[penedotem.com.br/wrb1/sitepad-data/uploads/2022/10/course01-2-861x1024.jpg]
[penedotem.com.br/wrb1/sitepad-data/uploads/2022/10/event03-1.jpg]
[penedotem.com.br/wrb1/sitepad-data/uploads/2022/10/event02-1.jpg]
[penedotem.com.br/wrb1/sitepad-data/uploads/2022/10/event04.jpg]
[penedotem.com.br/wrb1/sitepad-data/uploads/2022/10/background02.jpg]
[penedotem.com.br/wrb1/index.html]
[penedotem.com.br/wrb1/site-admin/admin-ajaxd41d.html]
[penedotem.com.br/wrb1/site-inc/js/wp-embed.minb62d.js]
[penedotem.com.br/wrb1/site-data/plugins/pagelayer-pro/images/nivo-icons/loading.gif]
[penedotem.com.br/wrb1/site-data/plugins/pagelayer-pro/images/nivo-icons/prev.png]
[penedotem.com.br/wrb1/site-data/plugins/pagelayer-pro/images/nivo-icons/next.png]
[penedotem.com.br/wrb1/site-data/plugins/pagelayer-pro/images/nivo-icons/close.png]
[penedotem.com.br/wrb1/site-data/plugins/pagelayer-pro/images/nivo-icons/loading@2x.gif]
[penedotem.com.br/wrb1/site-data/plugins/pagelayer-pro/images/nivo-icons/prev@2x.png]
[penedotem.com.br/wrb1/site-data/plugins/pagelayer-pro/images/nivo-icons/next@2x.png]
[penedotem.com.br/wrb1/site-data/plugins/pagelayer-pro/images/nivo-icons/close@2x.png]
[penedotem.com.br/wrb1/site-data/plugins/pagelayer-pro/css/owl.video.play.png]
[penedotem.com.br/wrb1/site-data/plugins/pagelayer-pro/fonts/fa-brands-400.eot]
[penedotem.com.br/wrb1/site-data/plugins/pagelayer-pro/fonts/fa-brands-400d41d.eot]
[penedotem.com.br/wrb1/site-data/plugins/pagelayer-pro/fonts/fa-brands-400.woff2]
[penedotem.com.br/wrb1/site-data/plugins/pagelayer-pro/fonts/fa-brands-400.woff]
[penedotem.com.br/wrb1/site-data/plugins/pagelayer-pro/fonts/fa-brands-400.ttf]
[penedotem.com.br/wrb1/site-data/plugins/pagelayer-pro/fonts/fa-regular-400.eot]
[penedotem.com.br/wrb1/site-data/plugins/pagelayer-pro/fonts/fa-regular-400d41d.eot]
[penedotem.com.br/wrb1/site-data/plugins/pagelayer-pro/fonts/fa-regular-400.woff2]
[penedotem.com.br/wrb1/site-data/plugins/pagelayer-pro/fonts/fa-regular-400.woff]
[penedotem.com.br/wrb1/site-data/plugins/pagelayer-pro/fonts/fa-regular-400.ttf]
[penedotem.com.br/wrb1/site-data/plugins/pagelayer-pro/fonts/fa-solid-900.eot]
[penedotem.com.br/wrb1/site-data/plugins/pagelayer-pro/fonts/fa-solid-900d41d.eot]
[penedotem.com.br/wrb1/site-data/plugins/pagelayer-pro/fonts/fa-solid-900.woff2]
[penedotem.com.br/wrb1/site-data/plugins/pagelayer-pro/fonts/fa-solid-900.woff]
[penedotem.com.br/wrb1/site-data/plugins/pagelayer-pro/fonts/fa-solid-900.ttf]
[penedotem.com.br/wrb1/site-data/plugins/pagelayer-pro/css/givecss2ebe.css]
[penedotem.com.br/wrb1/sitepad-data/themes/onlite/styleb62d.css]
[penedotem.com.br/wrb1/xmlrpc0db0.html]
[penedotem.com.br/wrb1/wp-json/oembed/1.0/embed8ded.json]
[penedotem.com.br/wrb1/wp-json/oembed/1.0/embed6e90]
[penedotem.com.br/wrb1/sitepad-data/uploads/2022/10/home-header02.jpg]
[penedotem.com.br/wrb1/sitepad-data/uploads/2022/10/team01.jpg]
[penedotem.com.br/wrb1/sitepad-data/uploads/2022/10/team02.jpg]
[penedotem.com.br/wrb1/sitepad-data/uploads/2022/10/team03.jpg]
[penedotem.com.br/wrb1/sitepad-data/uploads/2022/10/team04.jpg]
[penedotem.com.br/wrb1/about/index.html]
[penedotem.com.br/wrb1/wp-json/oembed/1.0/embeda238.json]
[penedotem.com.br/wrb1/contact/index.html]
[penedotem.com.br/wrb1/wp-json/oembed/1.0/embed2c1e]
[penedotem.com.br/wrb1/wp-json/oembed/1.0/embeded43.json]
[penedotem.com.br/wrb1/wp-json/oembed/1.0/embed9ada]
[penedotem.com.br/wrb1/sitepad-data/uploads/2022/10/course01.jpg]
[penedotem.com.br/wrb1/courses/index.html]
[penedotem.com.br/wrb1/button_url.html]
[penedotem.com.br/wrb1/wp-json/oembed/1.0/embed82b9.json]
[penedotem.com.br/wrb1/indexf03c.html]
[penedotem.com.br/wrb1/site-data/plugins/pagelayer-pro/css/owl.video.play.html]
[penedotem.com.br/wrb1/site-data/plugins/pagelayer-pro/fonts/fa-brands-400.svg]
[penedotem.com.br/wrb1/site-data/plugins/pagelayer-pro/fonts/fa-regular-400.svg]
[penedotem.com.br/wrb1/wp-json/oembed/1.0/embedd0e3]
[penedotem.com.br/wrb1/site-data/plugins/pagelayer-pro/fonts/fa-solid-900.svg]
[penedotem.com.br/wrb1/index6c46.html]
[penedotem.com.br/wrb1/indexdd23.html]
[penedotem.com.br/wrb1/index1e7e.html]
[penedotem.com.br/wrb1/index3c55.html]
